// Jest Snapshot v1, https://goo.gl/fbAQLP

exports[`WandererHeader should match the snapshot when loading 1`] = `
<Fragment>
  <SafeAreaView
    style={
      Object {
        "backgroundColor": "#1C4263",
        "flex": 0,
        "padding": 5,
      }
    }
  />
  <Text
    style={
      Object {
        "backgroundColor": "#1C4263",
        "color": "white",
        "fontSize": 50,
        "fontWeight": "600",
        "height": 70,
        "padding": 15,
        "textAlign": "center",
      }
    }
  >
    Trex
  </Text>
</Fragment>
`;
