// Jest Snapshot v1, https://goo.gl/fbAQLP

exports[`MyFollowers should match the snapshot when loading 1`] = `
<View
  style={
    Object {
      "alignItems": "stretch",
      "backgroundColor": "#000000",
      "flex": 1,
      "justifyContent": "flex-start",
    }
  }
>
  <WandererHeader />
  <ScrollViewMock>
    <Text
      style={
        Object {
          "color": "white",
          "fontSize": 30,
          "paddingVertical": 10,
          "textAlign": "center",
        }
      }
    >
      My Followers
    </Text>
    <Image
      alt="Loading..."
      source={
        Object {
          "testUri": "../../../assets/wanderer_spinner.gif",
        }
      }
      style={
        Object {
          "alignSelf": "center",
          "height": 100,
          "width": 100,
        }
      }
    />
    <Text
      style={
        Object {
          "color": "white",
          "fontSize": 22,
          "paddingVertical": 6,
          "textAlign": "center",
        }
      }
    >
      Loading ...
    </Text>
    <TouchableOpacity
      activeOpacity={0.2}
      style={
        Object {
          "alignItems": "stretch",
          "backgroundColor": "#1C4263",
          "borderColor": "white",
          "borderRadius": 8,
          "borderStyle": "solid",
          "borderWidth": 1,
          "color": "white",
          "fontSize": 30,
          "height": 60,
          "margin": 10,
          "padding": 10,
          "textAlign": "center",
          "width": "auto",
        }
      }
    >
      <Text
        onPress={[Function]}
        style={
          Object {
            "color": "white",
            "fontSize": 24,
            "fontWeight": "600",
            "paddingVertical": 6,
            "textAlign": "center",
          }
        }
      >
        Add a New Follower
      </Text>
    </TouchableOpacity>
  </ScrollViewMock>
  <WandererFooter
    navigate={[MockFunction]}
  />
</View>
`;
