// Jest Snapshot v1, https://goo.gl/fbAQLP

exports[`Weather should match the snapshot when loading 1`] = `
<View>
  <View
    style={
      Object {
        "borderColor": "white",
        "borderRadius": 8,
        "borderStyle": "solid",
        "borderWidth": 1,
        "color": "white",
        "height": 200,
        "marginRight": 10,
        "marginVertical": 19,
        "width": 180,
      }
    }
  >
    <Text
      style={
        Object {
          "color": "white",
          "fontSize": 18,
          "fontWeight": "600",
          "marginVertical": 4,
          "textAlign": "center",
        }
      }
    >
      Paris
    </Text>
    <Image
      source={
        Object {
          "uri": "https://cdn3.iconfinder.com/data/icons/picons-weather/57/15_heavy_rain-512.png",
        }
      }
      style={
        Object {
          "height": 110,
          "marginLeft": 30,
          "width": 120,
        }
      }
    />
    <Text
      style={
        Object {
          "color": "white",
          "fontSize": 18,
          "fontWeight": "600",
          "marginVertical": 4,
          "textAlign": "center",
        }
      }
    >
      54Â°
    </Text>
    <Text
      style={
        Object {
          "color": "white",
          "fontSize": 18,
          "fontWeight": "600",
          "marginVertical": 4,
          "textAlign": "center",
        }
      }
    >
      Rainy
    </Text>
  </View>
</View>
`;
